SBY 23:53:47 [fifo_cover] Removing directory '/home/vutukuribanurohit02/work/fpga-portfolio/project2-async-fifo/formal/fifo_cover'.
SBY 23:53:47 [fifo_cover] Copy '/home/vutukuribanurohit02/work/fpga-portfolio/project2-async-fifo/formal/../rtl/sync_2ff.sv' to '/home/vutukuribanurohit02/work/fpga-portfolio/project2-async-fifo/formal/fifo_cover/src/sync_2ff.sv'.
SBY 23:53:47 [fifo_cover] Copy '/home/vutukuribanurohit02/work/fpga-portfolio/project2-async-fifo/formal/../rtl/wptr_full.sv' to '/home/vutukuribanurohit02/work/fpga-portfolio/project2-async-fifo/formal/fifo_cover/src/wptr_full.sv'.
SBY 23:53:47 [fifo_cover] Copy '/home/vutukuribanurohit02/work/fpga-portfolio/project2-async-fifo/formal/../rtl/rptr_empty.sv' to '/home/vutukuribanurohit02/work/fpga-portfolio/project2-async-fifo/formal/fifo_cover/src/rptr_empty.sv'.
SBY 23:53:47 [fifo_cover] Copy '/home/vutukuribanurohit02/work/fpga-portfolio/project2-async-fifo/formal/../rtl/fifo_mem.sv' to '/home/vutukuribanurohit02/work/fpga-portfolio/project2-async-fifo/formal/fifo_cover/src/fifo_mem.sv'.
SBY 23:53:47 [fifo_cover] Copy '/home/vutukuribanurohit02/work/fpga-portfolio/project2-async-fifo/formal/../rtl/async_fifo.sv' to '/home/vutukuribanurohit02/work/fpga-portfolio/project2-async-fifo/formal/fifo_cover/src/async_fifo.sv'.
SBY 23:53:47 [fifo_cover] Copy '/home/vutukuribanurohit02/work/fpga-portfolio/project2-async-fifo/formal/fifo_bind.sv' to '/home/vutukuribanurohit02/work/fpga-portfolio/project2-async-fifo/formal/fifo_cover/src/fifo_bind.sv'.
SBY 23:53:47 [fifo_cover] Copy '/home/vutukuribanurohit02/work/fpga-portfolio/project2-async-fifo/formal/fifo_formal.sv' to '/home/vutukuribanurohit02/work/fpga-portfolio/project2-async-fifo/formal/fifo_cover/src/fifo_formal.sv'.
SBY 23:53:47 [fifo_cover] engine_0: smtbmc boolector
SBY 23:53:47 [fifo_cover] base: starting process "cd fifo_cover/src; yosys -ql ../model/design.log ../model/design.ys"
SBY 23:53:47 [fifo_cover] base: finished (returncode=0)
SBY 23:53:47 [fifo_cover] prep: starting process "cd fifo_cover/model; yosys -ql design_prep.log design_prep.ys"
SBY 23:53:47 [fifo_cover] prep: finished (returncode=0)
SBY 23:53:47 [fifo_cover] smt2: starting process "cd fifo_cover/model; yosys -ql design_smt2.log design_smt2.ys"
SBY 23:53:47 [fifo_cover] smt2: finished (returncode=0)
SBY 23:53:47 [fifo_cover] engine_0: starting process "cd fifo_cover; yosys-smtbmc -s boolector --presat --unroll -c --noprogress -t 80  --append 0 --dump-vcd engine_0/trace%.vcd --dump-yw engine_0/trace%.yw --dump-vlogtb engine_0/trace%_tb.v --dump-smtc engine_0/trace%.smtc model/design_smt2.smt2"
SBY 23:53:47 [fifo_cover] engine_0: ##   0:00:00  Solver: boolector
SBY 23:53:47 [fifo_cover] engine_0: ##   0:00:00  Checking cover reachability in step 0..
SBY 23:53:47 [fifo_cover] engine_0: ##   0:00:00  Checking cover reachability in step 1..
SBY 23:53:47 [fifo_cover] engine_0: ##   0:00:00  Checking cover reachability in step 2..
SBY 23:53:47 [fifo_cover] engine_0: ##   0:00:00  Checking cover reachability in step 3..
SBY 23:53:47 [fifo_cover] engine_0: ##   0:00:00  Checking cover reachability in step 4..
SBY 23:53:47 [fifo_cover] engine_0: ##   0:00:00  Reached cover statement in step 4 at fifo_formal_top.props: fifo_bind.sv:168.27-168.41 (_witness_.check_cover_fifo_bind_sv_168_53)
SBY 23:53:47 [fifo_cover] engine_0: ##   0:00:00  Writing trace to VCD file: engine_0/trace0.vcd
SBY 23:53:47 [fifo_cover] engine_0: ##   0:00:00  Writing trace to Verilog testbench: engine_0/trace0_tb.v
SBY 23:53:47 [fifo_cover] engine_0: ##   0:00:00  Writing trace to constraints file: engine_0/trace0.smtc
SBY 23:53:47 [fifo_cover] engine_0: ##   0:00:00  Writing trace to Yosys witness file: engine_0/trace0.yw
SBY 23:53:47 [fifo_cover] engine_0: ##   0:00:00  Checking cover reachability in step 4..
SBY 23:53:47 [fifo_cover] engine_0: ##   0:00:00  Checking cover reachability in step 5..
SBY 23:53:47 [fifo_cover] engine_0: ##   0:00:00  Checking cover reachability in step 6..
SBY 23:53:47 [fifo_cover] engine_0: ##   0:00:00  Checking cover reachability in step 7..
SBY 23:53:47 [fifo_cover] engine_0: ##   0:00:00  Checking cover reachability in step 8..
SBY 23:53:47 [fifo_cover] engine_0: ##   0:00:00  Checking cover reachability in step 9..
SBY 23:53:47 [fifo_cover] engine_0: ##   0:00:00  Checking cover reachability in step 10..
SBY 23:53:47 [fifo_cover] engine_0: ##   0:00:00  Checking cover reachability in step 11..
SBY 23:53:47 [fifo_cover] engine_0: ##   0:00:00  Checking cover reachability in step 12..
SBY 23:53:47 [fifo_cover] engine_0: ##   0:00:00  Checking cover reachability in step 13..
SBY 23:53:47 [fifo_cover] engine_0: ##   0:00:00  Checking cover reachability in step 14..
SBY 23:53:47 [fifo_cover] engine_0: ##   0:00:00  Checking cover reachability in step 15..
SBY 23:53:47 [fifo_cover] engine_0: ##   0:00:00  Checking cover reachability in step 16..
SBY 23:53:47 [fifo_cover] engine_0: ##   0:00:00  Checking cover reachability in step 17..
SBY 23:53:47 [fifo_cover] engine_0: ##   0:00:00  Checking cover reachability in step 18..
SBY 23:53:47 [fifo_cover] engine_0: ##   0:00:00  Checking cover reachability in step 19..
SBY 23:53:47 [fifo_cover] engine_0: ##   0:00:00  Checking cover reachability in step 20..
SBY 23:53:47 [fifo_cover] engine_0: ##   0:00:00  Checking cover reachability in step 21..
SBY 23:53:47 [fifo_cover] engine_0: ##   0:00:00  Checking cover reachability in step 22..
SBY 23:53:47 [fifo_cover] engine_0: ##   0:00:00  Checking cover reachability in step 23..
SBY 23:53:47 [fifo_cover] engine_0: ##   0:00:00  Checking cover reachability in step 24..
SBY 23:53:47 [fifo_cover] engine_0: ##   0:00:00  Checking cover reachability in step 25..
SBY 23:53:47 [fifo_cover] engine_0: ##   0:00:00  Checking cover reachability in step 26..
SBY 23:53:47 [fifo_cover] engine_0: ##   0:00:00  Checking cover reachability in step 27..
SBY 23:53:47 [fifo_cover] engine_0: ##   0:00:00  Checking cover reachability in step 28..
SBY 23:53:47 [fifo_cover] engine_0: ##   0:00:00  Checking cover reachability in step 29..
SBY 23:53:47 [fifo_cover] engine_0: ##   0:00:00  Checking cover reachability in step 30..
SBY 23:53:47 [fifo_cover] engine_0: ##   0:00:00  Checking cover reachability in step 31..
SBY 23:53:47 [fifo_cover] engine_0: ##   0:00:00  Checking cover reachability in step 32..
SBY 23:53:47 [fifo_cover] engine_0: ##   0:00:00  Checking cover reachability in step 33..
SBY 23:53:47 [fifo_cover] engine_0: ##   0:00:00  Checking cover reachability in step 34..
SBY 23:53:47 [fifo_cover] engine_0: ##   0:00:00  Reached cover statement in step 34 at fifo_formal_top.props: fifo_bind.sv:165.9-165.22 (_witness_.check_cover_fifo_bind_sv_165_51)
SBY 23:53:47 [fifo_cover] engine_0: ##   0:00:00  Writing trace to VCD file: engine_0/trace1.vcd
SBY 23:53:47 [fifo_cover] engine_0: ##   0:00:00  Writing trace to Verilog testbench: engine_0/trace1_tb.v
SBY 23:53:47 [fifo_cover] engine_0: ##   0:00:00  Writing trace to constraints file: engine_0/trace1.smtc
SBY 23:53:47 [fifo_cover] engine_0: ##   0:00:00  Writing trace to Yosys witness file: engine_0/trace1.yw
SBY 23:53:47 [fifo_cover] engine_0: ##   0:00:00  Status: passed
SBY 23:53:47 [fifo_cover] engine_0: finished (returncode=0)
SBY 23:53:47 [fifo_cover] engine_0: Status returned by engine: pass
SBY 23:53:47 [fifo_cover] summary: Elapsed clock time [H:MM:SS (secs)]: 0:00:00 (0)
SBY 23:53:47 [fifo_cover] summary: Elapsed process time [H:MM:SS (secs)]: 0:00:01 (1)
SBY 23:53:47 [fifo_cover] summary: engine_0 (smtbmc boolector) returned pass
SBY 23:53:47 [fifo_cover] summary: cover trace: fifo_cover/engine_0/trace0.vcd
SBY 23:53:47 [fifo_cover] summary:   reached cover statement fifo_formal_top.props._witness_.check_cover_fifo_bind_sv_168_53 at fifo_bind.sv:168.27-168.41 step 4
SBY 23:53:47 [fifo_cover] summary: cover trace: fifo_cover/engine_0/trace1.vcd
SBY 23:53:47 [fifo_cover] summary:   reached cover statement fifo_formal_top.props._witness_.check_cover_fifo_bind_sv_165_51 at fifo_bind.sv:165.9-165.22 step 34
SBY 23:53:47 [fifo_cover] DONE (PASS, rc=0)
