SBY 23:53:48 [fifo] Removing directory '/home/vutukuribanurohit02/work/fpga-portfolio/project2-async-fifo/formal/fifo'.
SBY 23:53:48 [fifo] Copy '/home/vutukuribanurohit02/work/fpga-portfolio/project2-async-fifo/formal/../rtl/sync_2ff.sv' to '/home/vutukuribanurohit02/work/fpga-portfolio/project2-async-fifo/formal/fifo/src/sync_2ff.sv'.
SBY 23:53:48 [fifo] Copy '/home/vutukuribanurohit02/work/fpga-portfolio/project2-async-fifo/formal/../rtl/wptr_full.sv' to '/home/vutukuribanurohit02/work/fpga-portfolio/project2-async-fifo/formal/fifo/src/wptr_full.sv'.
SBY 23:53:48 [fifo] Copy '/home/vutukuribanurohit02/work/fpga-portfolio/project2-async-fifo/formal/../rtl/rptr_empty.sv' to '/home/vutukuribanurohit02/work/fpga-portfolio/project2-async-fifo/formal/fifo/src/rptr_empty.sv'.
SBY 23:53:48 [fifo] Copy '/home/vutukuribanurohit02/work/fpga-portfolio/project2-async-fifo/formal/../rtl/fifo_mem.sv' to '/home/vutukuribanurohit02/work/fpga-portfolio/project2-async-fifo/formal/fifo/src/fifo_mem.sv'.
SBY 23:53:48 [fifo] Copy '/home/vutukuribanurohit02/work/fpga-portfolio/project2-async-fifo/formal/../rtl/async_fifo.sv' to '/home/vutukuribanurohit02/work/fpga-portfolio/project2-async-fifo/formal/fifo/src/async_fifo.sv'.
SBY 23:53:48 [fifo] Copy '/home/vutukuribanurohit02/work/fpga-portfolio/project2-async-fifo/formal/fifo_bind.sv' to '/home/vutukuribanurohit02/work/fpga-portfolio/project2-async-fifo/formal/fifo/src/fifo_bind.sv'.
SBY 23:53:48 [fifo] Copy '/home/vutukuribanurohit02/work/fpga-portfolio/project2-async-fifo/formal/fifo_formal.sv' to '/home/vutukuribanurohit02/work/fpga-portfolio/project2-async-fifo/formal/fifo/src/fifo_formal.sv'.
SBY 23:53:48 [fifo] engine_0: abc pdr
SBY 23:53:48 [fifo] base: starting process "cd fifo/src; yosys -ql ../model/design.log ../model/design.ys"
SBY 23:53:48 [fifo] base: finished (returncode=0)
SBY 23:53:48 [fifo] prep: starting process "cd fifo/model; yosys -ql design_prep.log design_prep.ys"
SBY 23:53:48 [fifo] prep: finished (returncode=0)
SBY 23:53:48 [fifo] aig: starting process "cd fifo/model; yosys -ql design_aiger.log design_aiger.ys"
SBY 23:53:48 [fifo] aig: Warning: Treating undriven bit fifo_formal_top.\wrst_n like $anyseq.
SBY 23:53:48 [fifo] aig: Warning: Treating undriven bit fifo_formal_top.\winc like $anyseq.
SBY 23:53:48 [fifo] aig: Warning: Treating undriven bit fifo_formal_top.\wclk like $anyseq.
SBY 23:53:48 [fifo] aig: Warning: Treating undriven bit fifo_formal_top.\rrst_n like $anyseq.
SBY 23:53:48 [fifo] aig: Warning: Treating undriven bit fifo_formal_top.\rinc like $anyseq.
SBY 23:53:48 [fifo] aig: Warning: Treating undriven bit fifo_formal_top.\rclk like $anyseq.
SBY 23:53:48 [fifo] aig: Warning: Treating a total of 6 undriven bits in fifo_formal_top like $anyseq.
SBY 23:53:48 [fifo] aig: finished (returncode=0)
SBY 23:53:48 [fifo] engine_0: starting process "cd fifo; yosys-abc -c 'read_aiger model/design_aiger.aig; fold; strash; pdr -v -l; write_cex -a engine_0/trace.aiw'"
SBY 23:53:48 [fifo] engine_0: ======== ABC command line "read_aiger model/design_aiger.aig; fold; strash; pdr -v -l; write_cex -a engine_0/trace.aiw"
SBY 23:53:48 [fifo] engine_0: Warning: The last 19 outputs are interpreted as constraints.
SBY 23:53:48 [fifo] engine_0: VarMax = 300. FrameMax = 10000. QueMax = 0. TimeMax = 139. MonoCNF = no. SkipGen = no. SolveAll = no.
SBY 23:53:48 [fifo] engine_0: Frame Clauses                                                     Max Queue Flops Time
SBY 23:53:48 [fifo] engine_0: 1 : 0 4                                                                 1     5      0.00 sec  T/O =  0  PRV =  0
SBY 23:53:48 [fifo] engine_0: 2 : 0 9 6 ~1                                                             7    14      0.00 sec  T/O =  0  PRV =  0
SBY 23:53:48 [fifo] engine_0: 3 : 0 9 12 11 ~3                                                         5    25      0.01 sec  T/O =  0  PRV =  0
SBY 23:53:48 [fifo] engine_0: 4 : 0 8 16 8 28 ~6                                                      11    44      0.02 sec  T/O =  0  PRV =  0
SBY 23:53:48 [fifo] engine_0: 5 : 0 5 10 3 4 13 ~18                                                    0    44      0.02 sec  T/O =  0  PRV =  0
SBY 23:53:48 [fifo] engine_0: 6 : 0 5 10 3 4 8 12 ~18                                                  4    52      0.02 sec  T/O =  0  PRV =  0
SBY 23:53:48 [fifo] engine_0: 7 : 0 5 22 19 10 7 10 25 ~20                                            20    65      0.04 sec  T/O =  0  PRV =  0
SBY 23:53:48 [fifo] engine_0: 7 : 0 5 28 28 27 28 11 39 ~20                                           28    75      0.05 sec  T/O =  0  PRV =  0
SBY 23:53:48 [fifo] engine_0: 7 : 0 5 28 30 32 37 29 80 ~20                                           28    76      0.07 sec  T/O =  0  PRV =  0
SBY 23:53:48 [fifo] engine_0: 8 : 0 5 13 14 21 19 25 14 58 ~53                                         3    76      0.08 sec  T/O =  0  PRV =  0
SBY 23:53:48 [fifo] engine_0: 9 : 0 5 13 14 20 19 21 8 8 43 ~62                                        1    76      0.09 sec  T/O =  0  PRV =  0
SBY 23:53:48 [fifo] engine_0: 10 : 0 5 14 15 22 21 24 12 15 16 61 ~60                                  12    76      0.11 sec  T/O =  0  PRV =  0
SBY 23:53:48 [fifo] engine_0: 11 : 0 5 11 11 15 12 12 16 13 20 35 64 ~66                               21    76      0.14 sec  T/O =  0  PRV =  0
SBY 23:53:48 [fifo] engine_0: 11 : 0 5 11 11 15 12 12 16 13 20 35 67 ~66                                0    76      0.14 sec  T/O =  0  PRV =  0
SBY 23:53:48 [fifo] engine_0: 12 : 0 5 11 11 13 9 11 14 12 8 18 56 23 ~66                               2    76      0.15 sec  T/O =  0  PRV =  0
SBY 23:53:48 [fifo] engine_0: 13 : 0 5 11 11 13 9 11 14 12 8 17 55 47 40 ~65                           12    76      0.17 sec  T/O =  0  PRV =  0
SBY 23:53:48 [fifo] engine_0: 14 : 0 5 12 12 14 10 12 15 13 10 20 20 45 32 48 ~65                      17    76      0.19 sec  T/O =  0  PRV =  0
SBY 23:53:48 [fifo] engine_0: 14 : 0 5 12 12 14 11 16 18 18 19 35 40 46 32 50 ~65                      35    76      0.21 sec  T/O =  0  PRV =  0
SBY 23:53:48 [fifo] engine_0: 14 : 0 5 12 12 14 11 16 18 18 20 42 55 88 40 51 ~65                      47    76      0.23 sec  T/O =  0  PRV =  0
SBY 23:53:48 [fifo] engine_0: 14 : 0 5 12 12 14 11 16 18 18 20 42 55 101 92 63 ~65                     57    76      0.26 sec  T/O =  0  PRV =  0
SBY 23:53:48 [fifo] engine_0: 14 : 0 5 12 12 14 11 16 18 18 20 42 55 106 102 98 ~65                    53    76      0.27 sec  T/O =  0  PRV =  0
SBY 23:53:48 [fifo] engine_0: Timing out on output 0 in frame 14 (retrying in next anytime pass).
SBY 23:53:48 [fifo] engine_0: 14 : 0 5 12 12 14 11 16 18 18 20 42 55 106 102 99 ~65                     1    76      0.27 sec  T/O =  1  PRV =  0
SBY 23:53:48 [fifo] engine_0: 15 : 0 5 7 5 11 7 14 16 19 11 21 15 47 54 86 49 ~68                       0    76      0.29 sec  T/O =  1  PRV =  0
SBY 23:53:48 [fifo] engine_0: 16 : 0 5 7 5 11 7 14 16 18 9 21 14 45 48 79 33 16 ~68                     0    76      0.31 sec  T/O =  1  PRV =  0
SBY 23:53:48 [fifo] engine_0: 17 : 0 5 7 5 11 7 14 16 18 9 21 14 45 48 79 33 15 2 ~68                   1    76      0.32 sec  T/O =  1  PRV =  0
SBY 23:53:48 [fifo] engine_0: 18 : 0 5 7 5 11 7 14 16 18 9 21 14 45 48 79 36 20 10 11 ~66               8    76      0.33 sec  T/O =  1  PRV =  0
SBY 23:53:48 [fifo] engine_0: 19 : 0 5 7 5 11 7 14 16 18 9 21 14 45 48 79 32 11 2 1 10 ~66              0    76      0.34 sec  T/O =  1  PRV =  0
SBY 23:53:48 [fifo] engine_0: 20 : 0 5 7 5 11 7 14 16 18 9 21 14 45 48 79 32 11 2 1 2 8 ~66             0    76      0.35 sec  T/O =  1  PRV =  0
SBY 23:53:48 [fifo] engine_0: 21 : 0 5 7 5 11 7 14 16 18 9 21 14 45 48 79 32 11 2 1 2 7 2 ~66           1    76      0.36 sec  T/O =  1  PRV =  0
SBY 23:53:48 [fifo] engine_0: 22 : ... 5 7 5 11 7 14 16 18 9 21 14 45 48 79 32 11 2 1 2 9 6 4 ~66       3    76      0.38 sec  T/O =  1  PRV =  0
SBY 23:53:48 [fifo] engine_0: 23 : ... 7 5 11 7 14 16 18 9 21 14 46 49 80 33 13 4 4 5 3 7 6 5 ~66      34    76      0.39 sec  T/O =  1  PRV =  0
SBY 23:53:48 [fifo] engine_0: Block =   29  Oblig =  1403  Clause =   870  Call = 13164 (sat=66.0%)  Cex =   0  Start =  35
SBY 23:53:48 [fifo] engine_0: SAT solving =     0.29 sec ( 71.52 %)
SBY 23:53:48 [fifo] engine_0: unsat     =     0.04 sec (  8.81 %)
SBY 23:53:48 [fifo] engine_0: sat       =     0.25 sec ( 62.71 %)
SBY 23:53:48 [fifo] engine_0: Generalize  =     0.15 sec ( 38.39 %)
SBY 23:53:48 [fifo] engine_0: Push clause =     0.13 sec ( 32.56 %)
SBY 23:53:48 [fifo] engine_0: Ternary sim =     0.01 sec (  3.02 %)
SBY 23:53:48 [fifo] engine_0: Containment =     0.00 sec (  0.22 %)
SBY 23:53:48 [fifo] engine_0: CNF compute =     0.01 sec (  1.28 %)
SBY 23:53:48 [fifo] engine_0: Refinement  =     0.00 sec (  0.02 %)
SBY 23:53:48 [fifo] engine_0: TOTAL       =     0.40 sec (100.00 %)
SBY 23:53:48 [fifo] engine_0: Output 1 of miter "model/design_aiger" was asserted in frame 36.  Time =     0.40 sec
SBY 23:53:48 [fifo] engine_0: finished (returncode=0)
SBY 23:53:48 [fifo] engine_0: Status returned by engine: FAIL
SBY 23:53:48 [fifo] smt2: starting process "cd fifo/model; yosys -ql design_smt2.log design_smt2.ys"
SBY 23:53:48 [fifo] engine_0: starting process "cd fifo; yosys-witness aiw2yw engine_0/trace.aiw model/design_aiger.ywa engine_0/trace_aiw.yw"
SBY 23:53:48 [fifo] smt2: finished (returncode=0)
SBY 23:53:48 [fifo] engine_0: Converting AIGER witness trace 'engine_0/trace.aiw' to Yosys witness trace 'engine_0/trace_aiw.yw'...
SBY 23:53:48 [fifo] engine_0: Using Yosys witness AIGER map file 'model/design_aiger.ywa'
SBY 23:53:48 [fifo] engine_0: Converted 37 time steps.
SBY 23:53:48 [fifo] engine_0: finished (returncode=0)
SBY 23:53:48 [fifo] engine_0: starting process "cd fifo; yosys-smtbmc -s yices --noprogress --append 0 --dump-vcd engine_0/trace.vcd --dump-yw engine_0/trace.yw --dump-vlogtb engine_0/trace_tb.v --dump-smtc engine_0/trace.smtc --yw engine_0/trace_aiw.yw model/design_smt2.smt2"
SBY 23:53:48 [fifo] engine_0: ##   0:00:00  Solver: yices
SBY 23:53:48 [fifo] engine_0: ##   0:00:00  Skipping step 0..
SBY 23:53:48 [fifo] engine_0: ##   0:00:00  Skipping step 1..
SBY 23:53:48 [fifo] engine_0: ##   0:00:00  Skipping step 2..
SBY 23:53:48 [fifo] engine_0: ##   0:00:00  Skipping step 3..
SBY 23:53:48 [fifo] engine_0: ##   0:00:00  Skipping step 4..
SBY 23:53:48 [fifo] engine_0: ##   0:00:00  Skipping step 5..
SBY 23:53:48 [fifo] engine_0: ##   0:00:00  Skipping step 6..
SBY 23:53:48 [fifo] engine_0: ##   0:00:00  Skipping step 7..
SBY 23:53:48 [fifo] engine_0: ##   0:00:00  Skipping step 8..
SBY 23:53:48 [fifo] engine_0: ##   0:00:00  Skipping step 9..
SBY 23:53:48 [fifo] engine_0: ##   0:00:00  Skipping step 10..
SBY 23:53:48 [fifo] engine_0: ##   0:00:00  Skipping step 11..
SBY 23:53:48 [fifo] engine_0: ##   0:00:00  Skipping step 12..
SBY 23:53:48 [fifo] engine_0: ##   0:00:00  Skipping step 13..
SBY 23:53:48 [fifo] engine_0: ##   0:00:00  Skipping step 14..
SBY 23:53:48 [fifo] engine_0: ##   0:00:00  Skipping step 15..
SBY 23:53:48 [fifo] engine_0: ##   0:00:00  Skipping step 16..
SBY 23:53:48 [fifo] engine_0: ##   0:00:00  Skipping step 17..
SBY 23:53:48 [fifo] engine_0: ##   0:00:00  Skipping step 18..
SBY 23:53:48 [fifo] engine_0: ##   0:00:00  Skipping step 19..
SBY 23:53:48 [fifo] engine_0: ##   0:00:00  Skipping step 20..
SBY 23:53:48 [fifo] engine_0: ##   0:00:00  Skipping step 21..
SBY 23:53:48 [fifo] engine_0: ##   0:00:00  Skipping step 22..
SBY 23:53:48 [fifo] engine_0: ##   0:00:00  Skipping step 23..
SBY 23:53:48 [fifo] engine_0: ##   0:00:00  Skipping step 24..
SBY 23:53:48 [fifo] engine_0: ##   0:00:00  Skipping step 25..
SBY 23:53:48 [fifo] engine_0: ##   0:00:00  Skipping step 26..
SBY 23:53:48 [fifo] engine_0: ##   0:00:00  Skipping step 27..
SBY 23:53:48 [fifo] engine_0: ##   0:00:00  Skipping step 28..
SBY 23:53:48 [fifo] engine_0: ##   0:00:00  Skipping step 29..
SBY 23:53:48 [fifo] engine_0: ##   0:00:00  Skipping step 30..
SBY 23:53:48 [fifo] engine_0: ##   0:00:00  Skipping step 31..
SBY 23:53:48 [fifo] engine_0: ##   0:00:00  Skipping step 32..
SBY 23:53:48 [fifo] engine_0: ##   0:00:00  Skipping step 33..
SBY 23:53:48 [fifo] engine_0: ##   0:00:00  Skipping step 34..
SBY 23:53:48 [fifo] engine_0: ##   0:00:00  Skipping step 35..
SBY 23:53:48 [fifo] engine_0: ##   0:00:00  Checking assertions in step 36..
SBY 23:53:48 [fifo] engine_0: ##   0:00:00  BMC failed!
SBY 23:53:48 [fifo] engine_0: ##   0:00:00  Assert failed in fifo_formal_top.props: fifo_bind.sv:121.43-121.70 (_witness_.check_assert_fifo_bind_sv_121_43)
SBY 23:53:48 [fifo] engine_0: ##   0:00:00  Assert failed in fifo_formal_top.props: fifo_bind.sv:126.43-126.68 (_witness_.check_assert_fifo_bind_sv_126_48)
SBY 23:53:48 [fifo] engine_0: ##   0:00:00  Writing trace to VCD file: engine_0/trace.vcd
SBY 23:53:48 [fifo] engine_0: ##   0:00:00  Writing trace to Verilog testbench: engine_0/trace_tb.v
SBY 23:53:48 [fifo] engine_0: ##   0:00:00  Writing trace to constraints file: engine_0/trace.smtc
SBY 23:53:48 [fifo] engine_0: ##   0:00:00  Writing trace to Yosys witness file: engine_0/trace.yw
SBY 23:53:48 [fifo] engine_0: ##   0:00:00  Status: FAILED
SBY 23:53:48 [fifo] engine_0: finished (returncode=1)
SBY 23:53:48 [fifo] summary: Elapsed clock time [H:MM:SS (secs)]: 0:00:00 (0)
SBY 23:53:48 [fifo] summary: Elapsed process time [H:MM:SS (secs)]: 0:00:00 (0)
SBY 23:53:48 [fifo] summary: engine_0 (abc pdr) returned FAIL
SBY 23:53:48 [fifo] summary: counterexample trace: fifo/engine_0/trace.vcd
SBY 23:53:48 [fifo] summary:   failed assertion fifo_formal_top.props._witness_.check_assert_fifo_bind_sv_121_43 at fifo_bind.sv:121.43-121.70 step 36
SBY 23:53:48 [fifo] summary:   failed assertion fifo_formal_top.props._witness_.check_assert_fifo_bind_sv_126_48 at fifo_bind.sv:126.43-126.68 step 36
SBY 23:53:48 [fifo] DONE (FAIL, rc=2)
