SBY 23:44:33 [fifo_pdr] Removing directory '/home/vutukuribanurohit02/work/fpga-portfolio/project2-async-fifo/formal/fifo_pdr'.
SBY 23:44:33 [fifo_pdr] Copy '/home/vutukuribanurohit02/work/fpga-portfolio/project2-async-fifo/formal/../rtl/sync_2ff.sv' to '/home/vutukuribanurohit02/work/fpga-portfolio/project2-async-fifo/formal/fifo_pdr/src/sync_2ff.sv'.
SBY 23:44:33 [fifo_pdr] Copy '/home/vutukuribanurohit02/work/fpga-portfolio/project2-async-fifo/formal/../rtl/wptr_full.sv' to '/home/vutukuribanurohit02/work/fpga-portfolio/project2-async-fifo/formal/fifo_pdr/src/wptr_full.sv'.
SBY 23:44:33 [fifo_pdr] Copy '/home/vutukuribanurohit02/work/fpga-portfolio/project2-async-fifo/formal/../rtl/rptr_empty.sv' to '/home/vutukuribanurohit02/work/fpga-portfolio/project2-async-fifo/formal/fifo_pdr/src/rptr_empty.sv'.
SBY 23:44:33 [fifo_pdr] Copy '/home/vutukuribanurohit02/work/fpga-portfolio/project2-async-fifo/formal/../rtl/fifo_mem.sv' to '/home/vutukuribanurohit02/work/fpga-portfolio/project2-async-fifo/formal/fifo_pdr/src/fifo_mem.sv'.
SBY 23:44:33 [fifo_pdr] Copy '/home/vutukuribanurohit02/work/fpga-portfolio/project2-async-fifo/formal/../rtl/async_fifo.sv' to '/home/vutukuribanurohit02/work/fpga-portfolio/project2-async-fifo/formal/fifo_pdr/src/async_fifo.sv'.
SBY 23:44:33 [fifo_pdr] Copy '/home/vutukuribanurohit02/work/fpga-portfolio/project2-async-fifo/formal/fifo_bind.sv' to '/home/vutukuribanurohit02/work/fpga-portfolio/project2-async-fifo/formal/fifo_pdr/src/fifo_bind.sv'.
SBY 23:44:33 [fifo_pdr] Copy '/home/vutukuribanurohit02/work/fpga-portfolio/project2-async-fifo/formal/fifo_formal.sv' to '/home/vutukuribanurohit02/work/fpga-portfolio/project2-async-fifo/formal/fifo_pdr/src/fifo_formal.sv'.
SBY 23:44:33 [fifo_pdr] engine_0: abc pdr
SBY 23:44:33 [fifo_pdr] base: starting process "cd fifo_pdr/src; yosys -ql ../model/design.log ../model/design.ys"
SBY 23:44:33 [fifo_pdr] base: finished (returncode=0)
SBY 23:44:33 [fifo_pdr] prep: starting process "cd fifo_pdr/model; yosys -ql design_prep.log design_prep.ys"
SBY 23:44:33 [fifo_pdr] prep: finished (returncode=0)
SBY 23:44:33 [fifo_pdr] aig: starting process "cd fifo_pdr/model; yosys -ql design_aiger.log design_aiger.ys"
SBY 23:44:33 [fifo_pdr] aig: Warning: Treating undriven bit fifo_formal_top.\wrst_n like $anyseq.
SBY 23:44:33 [fifo_pdr] aig: Warning: Treating undriven bit fifo_formal_top.\winc like $anyseq.
SBY 23:44:33 [fifo_pdr] aig: Warning: Treating undriven bit fifo_formal_top.\wclk like $anyseq.
SBY 23:44:33 [fifo_pdr] aig: Warning: Treating undriven bit fifo_formal_top.\rrst_n like $anyseq.
SBY 23:44:33 [fifo_pdr] aig: Warning: Treating undriven bit fifo_formal_top.\rinc like $anyseq.
SBY 23:44:33 [fifo_pdr] aig: Warning: Treating undriven bit fifo_formal_top.\rclk like $anyseq.
SBY 23:44:33 [fifo_pdr] aig: Warning: Treating a total of 6 undriven bits in fifo_formal_top like $anyseq.
SBY 23:44:33 [fifo_pdr] aig: finished (returncode=0)
SBY 23:44:33 [fifo_pdr] engine_0: starting process "cd fifo_pdr; yosys-abc -c 'read_aiger model/design_aiger.aig; fold; strash; pdr -v -l; write_cex -a engine_0/trace.aiw'"
SBY 23:44:33 [fifo_pdr] engine_0: ======== ABC command line "read_aiger model/design_aiger.aig; fold; strash; pdr -v -l; write_cex -a engine_0/trace.aiw"
SBY 23:44:33 [fifo_pdr] engine_0: Warning: The last 18 outputs are interpreted as constraints.
SBY 23:44:33 [fifo_pdr] engine_0: VarMax = 300. FrameMax = 10000. QueMax = 0. TimeMax = 119. MonoCNF = no. SkipGen = no. SolveAll = no.
SBY 23:44:33 [fifo_pdr] engine_0: Frame Clauses                                                     Max Queue Flops Time
SBY 23:44:33 [fifo_pdr] engine_0: 1 : 0 2                                                                 1     4      0.00 sec  T/O =  0  PRV =  0
SBY 23:44:33 [fifo_pdr] engine_0: 2 : 0 3 4 ~1                                                             3    12      0.00 sec  T/O =  0  PRV =  0
SBY 23:44:33 [fifo_pdr] engine_0: 3 : 0 8 7 6 ~2                                                           6    20      0.01 sec  T/O =  0  PRV =  0
SBY 23:44:33 [fifo_pdr] engine_0: 4 : 0 12 18 14 19 ~6                                                     7    42      0.02 sec  T/O =  0  PRV =  0
SBY 23:44:33 [fifo_pdr] engine_0: 5 : 0 10 14 11 10 12 ~20                                                 6    49      0.03 sec  T/O =  0  PRV =  0
SBY 23:44:33 [fifo_pdr] engine_0: 6 : 0 9 10 7 3 2 0 ~24                                                   0    49      0.03 sec  T/O =  0  PRV =  0
SBY 23:44:33 [fifo_pdr] engine_0: 7 : 0 9 10 7 3 2 2 -2 ~24                                        0    49      0.03 sec  T/O =  0  PRV =  0
SBY 23:44:33 [fifo_pdr] engine_0: 8 : 0 9 10 7 3 2 2 2 -3 ~24                                      1    49      0.04 sec  T/O =  0  PRV =  0
SBY 23:44:33 [fifo_pdr] engine_0: 9 : 0 9 10 7 3 2 2 3 3 -1 ~24                                              3    49      0.04 sec  T/O =  0  PRV =  0
SBY 23:44:33 [fifo_pdr] engine_0: 10 : 0 9 10 7 3 2 2 1 6 6 6 ~24                                           4    49      0.05 sec  T/O =  0  PRV =  0
SBY 23:44:33 [fifo_pdr] engine_0: 11 : 0 9 10 7 3 2 2 1 2 2 3 4 ~27                                         0    49      0.05 sec  T/O =  0  PRV =  0
SBY 23:44:33 [fifo_pdr] engine_0: 12 : 0 9 11 9 5 3 5 4 6 7 5 4 22 ~27                                     16    58      0.06 sec  T/O =  0  PRV =  0
SBY 23:44:33 [fifo_pdr] engine_0: 12 : 0 9 11 9 5 3 5 4 6 7 5 4 25 ~27                                      0    58      0.06 sec  T/O =  0  PRV =  0
SBY 23:44:33 [fifo_pdr] engine_0: 13 : 0 9 11 8 4 2 2 2 1 2 1 2 1 1 ~47                                     0    58      0.06 sec  T/O =  0  PRV =  0
SBY 23:44:33 [fifo_pdr] engine_0: 14 : 0 9 11 8 4 2 2 2 1 2 1 2 1 2 -1 ~47                                    0    58      0.06 sec  T/O =  0  PRV =  0
SBY 23:44:33 [fifo_pdr] engine_0: 15 : 0 9 11 8 4 2 2 2 1 2 1 2 1 2 5 -1 ~47                                  2    58      0.07 sec  T/O =  0  PRV =  0
SBY 23:44:33 [fifo_pdr] engine_0: 16 : 0 9 13 11 8 4 3 2 1 2 1 3 5 6 8 6 18 ~45                            23    61      0.08 sec  T/O =  0  PRV =  0
SBY 23:44:33 [fifo_pdr] engine_0: 16 : 0 10 14 12 9 5 6 5 4 5 6 5 7 6 8 7 26 ~45                           25    63      0.09 sec  T/O =  0  PRV =  0
SBY 23:44:33 [fifo_pdr] engine_0: 17 : 0 7 7 5 4 1 2 1 2 1 2 1 2 1 2 3 2 -5 ~69                     0    63      0.09 sec  T/O =  0  PRV =  0
SBY 23:44:33 [fifo_pdr] engine_0: 18 : 0 7 4 5 4 1 2 1 2 1 2 1 2 1 2 1 2 2 -7 ~69                   0    63      0.09 sec  T/O =  0  PRV =  0
SBY 23:44:33 [fifo_pdr] engine_0: 19 : 0 7 4 5 4 1 2 1 2 1 2 1 2 1 2 1 2 2 3 -9 ~69                 1    63      0.09 sec  T/O =  0  PRV =  0
SBY 23:44:33 [fifo_pdr] engine_0: 20 : 0 9 5 6 6 2 2 1 2 1 2 1 3 2 3 4 9 6 8 3 -3 ~63              34    67      0.11 sec  T/O =  0  PRV =  0
SBY 23:44:33 [fifo_pdr] engine_0: 20 : 0 10 5 6 6 2 2 1 2 1 2 1 3 2 4 5 10 8 13 9 5 ~63                    30    70      0.11 sec  T/O =  0  PRV =  0
SBY 23:44:33 [fifo_pdr] engine_0: 21 : 0 10 5 6 5 1 2 1 2 1 2 1 2 1 2 1 2 2 2 1 2 -4 ~70            0    70      0.12 sec  T/O =  0  PRV =  0
SBY 23:44:33 [fifo_pdr] engine_0: 22 : 0 10 5 6 5 1 2 1 2 1 2 1 2 1 2 1 2 1 2 1 2 1 -5 ~70          0    70      0.12 sec  T/O =  0  PRV =  0
SBY 23:44:33 [fifo_pdr] engine_0: 23 : ... 10 5 6 5 1 2 1 2 1 2 1 2 1 2 1 2 1 2 1 2 1 3 -8 ~70      0    70      0.12 sec  T/O =  0  PRV =  0
SBY 23:44:33 [fifo_pdr] engine_0: 24 : ... 5 6 5 1 2 1 2 1 2 1 2 1 2 1 2 1 2 1 2 1 3 2 -9 ~70       1    70      0.12 sec  T/O =  0  PRV =  0
SBY 23:44:33 [fifo_pdr] engine_0: 25 : ... 6 5 1 2 1 2 1 2 1 2 1 2 1 2 1 2 1 2 1 3 8 5 -3 ~70       8    70      0.13 sec  T/O =  0  PRV =  0
SBY 23:44:33 [fifo_pdr] engine_0: 26 : ... 5 1 2 1 2 1 2 1 2 1 2 1 2 1 2 1 2 1 1 2 1 2 -7 ~70       0    70      0.13 sec  T/O =  0  PRV =  0
SBY 23:44:33 [fifo_pdr] engine_0: 27 : ... 1 2 1 2 1 2 1 2 1 2 1 2 1 2 1 2 1 1 2 1 2 1 -8 ~70       0    70      0.14 sec  T/O =  0  PRV =  0
SBY 23:44:33 [fifo_pdr] engine_0: 28 : ... 2 1 2 1 2 1 2 1 2 1 2 1 2 1 2 1 1 2 1 2 1 2 -9 ~70       1    70      0.14 sec  T/O =  0  PRV =  0
SBY 23:44:33 [fifo_pdr] engine_0: 29 : ... 5 6 5 1 2 1 2 1 2 1 2 1 2 1 2 3 2 1 2 2 1 2 3 2 5 4 3 3 ~70     35    71      0.15 sec  T/O =  0  PRV =  0
SBY 23:44:33 [fifo_pdr] engine_0: 29 : ... 6 5 1 2 2 2 1 2 1 2 1 2 2 2 3 4 2 3 2 2 3 3 2 6 5 5 38 ~70      34    71      0.17 sec  T/O =  0  PRV =  0
SBY 23:44:33 [fifo_pdr] engine_0: 29 : ... 6 5 2 3 2 2 1 2 2 2 1 2 2 2 3 4 2 4 3 3 3 4 3 6 5 5 61 ~70      39    74      0.18 sec  T/O =  0  PRV =  0
SBY 23:44:33 [fifo_pdr] engine_0: 29 : ... 6 5 2 3 2 2 1 2 2 3 3 5 5 5 5 4 2 4 3 4 4 6 3 7 9 7 81 ~70      32    79      0.21 sec  T/O =  0  PRV =  0
SBY 23:44:33 [fifo_pdr] engine_0: 29 : ... 6 5 2 3 2 3 1 2 2 3 3 5 5 6 5 4 2 4 3 4 4 7 5 8 9 7 109 ~70     41    79      0.22 sec  T/O =  0  PRV =  0
SBY 23:44:33 [fifo_pdr] engine_0: 29 : ... 5 2 3 2 4 1 2 2 3 3 5 5 6 5 4 2 4 3 4 4 7 5 8 10 10 139 ~70     41    79      0.24 sec  T/O =  0  PRV =  0
SBY 23:44:33 [fifo_pdr] engine_0: 29 : ... 5 2 3 2 4 1 2 2 3 3 5 5 6 5 4 2 4 3 4 4 7 5 8 10 10 140 ~70      0    79      0.24 sec  T/O =  0  PRV =  0
SBY 23:44:33 [fifo_pdr] engine_0: 30 : ... 2 1 2 1 2 1 2 1 2 1 2 1 2 1 2 1 2 2 2 1 3 4 -123 ~214      0    79      0.24 sec  T/O =  0  PRV =  0
SBY 23:44:33 [fifo_pdr] engine_0: 31 : ... 1 2 1 2 1 2 1 2 1 2 1 2 1 2 1 2 2 2 1 3 4 2 -125 ~214      0    79      0.25 sec  T/O =  0  PRV =  0
SBY 23:44:33 [fifo_pdr] engine_0: 32 : ... 2 1 2 1 2 1 2 1 2 1 2 1 2 1 2 2 2 1 3 4 2 2 -126 ~214      1    79      0.25 sec  T/O =  0  PRV =  0
SBY 23:44:33 [fifo_pdr] engine_0: 33 : ... 1 2 1 2 1 2 1 2 1 2 1 2 1 2 2 2 2 3 4 2 4 3 -123 ~91      35    80      0.26 sec  T/O =  0  PRV =  0
SBY 23:44:33 [fifo_pdr] engine_0: 33 : ... 1 2 1 2 1 2 1 2 1 2 1 2 1 2 2 2 2 3 4 2 4 3 -109 ~91      34    80      0.27 sec  T/O =  0  PRV =  0
SBY 23:44:33 [fifo_pdr] engine_0: 33 : ... 1 2 1 2 1 2 1 2 1 2 3 2 3 2 2 2 6 4 5 2 4 3 -83 ~91      30    80      0.29 sec  T/O =  0  PRV =  0
SBY 23:44:33 [fifo_pdr] engine_0: Timing out on output 0 in frame 33 (retrying in next anytime pass).
SBY 23:44:33 [fifo_pdr] engine_0: 33 : ... 1 2 1 2 1 2 1 2 1 2 3 2 3 2 2 2 6 4 5 2 4 3 -83 ~91       0    80      0.29 sec  T/O =  1  PRV =  0
SBY 23:44:33 [fifo_pdr] engine_0: 34 : ... 2 1 2 1 2 1 2 1 2 1 2 1 2 2 2 2 1 3 2 3 2 2 -137 ~133      0    80      0.30 sec  T/O =  1  PRV =  0
SBY 23:44:33 [fifo_pdr] engine_0: All outputs solved or timed out in frame 34.
SBY 23:44:33 [fifo_pdr] engine_0: Starting new anytime pass, reusing clauses.
SBY 23:44:33 [fifo_pdr] engine_0: Frame Clauses                                                     Max Queue Flops Time
SBY 23:44:33 [fifo_pdr] engine_0: 1 : 0 -62 ~123                                                    0     0      0.01 sec  T/O =  0  PRV =  0
SBY 23:44:33 [fifo_pdr] engine_0: 2 : 0 10 -72 ~123                                                 0     0      0.01 sec  T/O =  0  PRV =  0
SBY 23:44:33 [fifo_pdr] engine_0: 3 : 0 10 5 -77 ~123                                               0     0      0.01 sec  T/O =  0  PRV =  0
SBY 23:44:33 [fifo_pdr] engine_0: 4 : 0 10 5 6 -83 ~123                                             0     0      0.01 sec  T/O =  0  PRV =  0
SBY 23:44:33 [fifo_pdr] engine_0: 5 : 0 10 5 6 6 -89 ~123                                           0     0      0.02 sec  T/O =  0  PRV =  0
SBY 23:44:33 [fifo_pdr] engine_0: 6 : 0 10 5 6 6 1 -90 ~123                                         0     0      0.02 sec  T/O =  0  PRV =  0
SBY 23:44:33 [fifo_pdr] engine_0: 7 : 0 10 5 6 6 1 2 -92 ~123                                       0     0      0.02 sec  T/O =  0  PRV =  0
SBY 23:44:33 [fifo_pdr] engine_0: 8 : 0 10 5 6 6 1 2 1 -93 ~123                                     0     0      0.02 sec  T/O =  0  PRV =  0
SBY 23:44:33 [fifo_pdr] engine_0: 9 : 0 10 5 6 6 1 2 1 2 -95 ~123                                   0     0      0.02 sec  T/O =  0  PRV =  0
SBY 23:44:33 [fifo_pdr] engine_0: 10 : 0 10 5 6 6 1 2 1 2 1 -96 ~123                                 0     0      0.02 sec  T/O =  0  PRV =  0
SBY 23:44:33 [fifo_pdr] engine_0: 11 : 0 10 5 6 6 1 2 1 2 1 2 -98 ~123                               0     0      0.02 sec  T/O =  0  PRV =  0
SBY 23:44:33 [fifo_pdr] engine_0: 12 : 0 10 5 6 6 1 2 1 2 1 2 1 -99 ~123                             0     0      0.02 sec  T/O =  0  PRV =  0
SBY 23:44:33 [fifo_pdr] engine_0: 13 : 0 10 5 6 6 1 2 1 2 1 2 1 2 -101 ~123                           0     0      0.02 sec  T/O =  0  PRV =  0
SBY 23:44:33 [fifo_pdr] engine_0: 14 : 0 10 5 6 6 1 2 1 2 1 2 1 2 1 -102 ~123                         0     0      0.02 sec  T/O =  0  PRV =  0
SBY 23:44:33 [fifo_pdr] engine_0: 15 : 0 10 5 6 6 1 2 1 2 1 2 1 2 1 2 -104 ~123                       0     0      0.02 sec  T/O =  0  PRV =  0
SBY 23:44:33 [fifo_pdr] engine_0: 16 : 0 10 5 6 6 1 2 1 2 1 2 1 2 1 2 1 -105 ~123                     0     0      0.03 sec  T/O =  0  PRV =  0
SBY 23:44:33 [fifo_pdr] engine_0: 17 : 0 10 5 6 6 1 2 1 2 1 2 1 2 1 2 1 2 -107 ~123                   0     0      0.03 sec  T/O =  0  PRV =  0
SBY 23:44:33 [fifo_pdr] engine_0: 18 : 0 10 5 6 6 1 2 1 2 1 2 1 2 1 2 1 2 1 -108 ~123                 0     0      0.03 sec  T/O =  0  PRV =  0
SBY 23:44:33 [fifo_pdr] engine_0: 19 : 0 10 5 6 6 1 2 1 2 1 2 1 2 1 2 1 2 1 2 -110 ~123               0     0      0.03 sec  T/O =  0  PRV =  0
SBY 23:44:33 [fifo_pdr] engine_0: 20 : 0 10 5 6 6 1 2 1 2 1 2 1 2 1 2 1 2 1 2 1 -111 ~123             0     0      0.03 sec  T/O =  0  PRV =  0
SBY 23:44:33 [fifo_pdr] engine_0: 21 : 0 10 5 6 6 1 2 1 2 1 2 1 2 1 2 1 2 1 2 1 2 -113 ~123           0     0      0.03 sec  T/O =  0  PRV =  0
SBY 23:44:33 [fifo_pdr] engine_0: 22 : ... 10 5 6 6 1 2 1 2 1 2 1 2 1 2 1 2 1 2 1 2 1 -114 ~123       0     0      0.04 sec  T/O =  0  PRV =  0
SBY 23:44:33 [fifo_pdr] engine_0: 23 : ... 5 6 6 1 2 1 2 1 2 1 2 1 2 1 2 1 2 1 2 1 2 -116 ~123        0     0      0.04 sec  T/O =  0  PRV =  0
SBY 23:44:33 [fifo_pdr] engine_0: 24 : ... 5 6 6 1 2 1 2 1 2 1 2 1 2 1 2 1 2 1 2 1 2 1 -117 ~123      0     0      0.04 sec  T/O =  0  PRV =  0
SBY 23:44:33 [fifo_pdr] engine_0: 25 : ... 6 6 1 2 1 2 1 2 1 2 1 2 1 2 1 2 1 2 1 2 1 2 -119 ~123      0     0      0.04 sec  T/O =  0  PRV =  0
SBY 23:44:33 [fifo_pdr] engine_0: 26 : ... 6 1 2 1 2 1 2 1 2 1 2 1 2 1 2 1 2 1 2 1 2 2 -121 ~123      0     0      0.04 sec  T/O =  0  PRV =  0
SBY 23:44:33 [fifo_pdr] engine_0: 27 : ... 1 2 1 2 1 2 1 2 1 2 1 2 1 2 1 2 1 2 1 2 2 2 -123 ~123      0     0      0.04 sec  T/O =  0  PRV =  0
SBY 23:44:33 [fifo_pdr] engine_0: 28 : ... 2 1 2 1 2 1 2 1 2 1 2 1 2 1 2 1 2 1 2 2 2 2 -125 ~123      0     0      0.04 sec  T/O =  0  PRV =  0
SBY 23:44:33 [fifo_pdr] engine_0: 29 : ... 1 2 1 2 1 2 1 2 1 2 1 2 1 2 1 2 1 2 2 2 2 1 -126 ~123      0     0      0.05 sec  T/O =  0  PRV =  0
SBY 23:44:33 [fifo_pdr] engine_0: 30 : ... 2 1 2 1 2 1 2 1 2 1 2 1 2 1 2 1 2 2 2 2 1 3 -129 ~123      0     0      0.05 sec  T/O =  0  PRV =  0
SBY 23:44:33 [fifo_pdr] engine_0: 31 : ... 1 2 1 2 1 2 1 2 1 2 1 2 1 2 1 2 2 2 2 1 3 2 -131 ~123      0     0      0.05 sec  T/O =  0  PRV =  0
SBY 23:44:33 [fifo_pdr] engine_0: 32 : ... 2 1 2 1 2 1 2 1 2 1 2 1 2 1 2 2 2 2 1 3 2 3 -134 ~123      0     0      0.05 sec  T/O =  0  PRV =  0
SBY 23:44:33 [fifo_pdr] engine_0: 33 : ... 1 2 1 2 1 2 1 2 1 2 1 2 1 2 2 2 2 1 3 2 3 4 -131 ~123      3     8      0.05 sec  T/O =  0  PRV =  0
SBY 23:44:33 [fifo_pdr] engine_0: 34 : ... 2 1 2 1 2 1 2 1 2 1 2 1 2 2 2 2 1 3 2 2 1 3 -133 ~123      0     8      0.06 sec  T/O =  0  PRV =  0
SBY 23:44:33 [fifo_pdr] engine_0: 35 : ... 1 2 1 2 1 2 1 2 1 2 1 2 2 2 2 1 6 6 8 7 4 3 -125 ~123     43    34      0.07 sec  T/O =  0  PRV =  0
SBY 23:44:33 [fifo_pdr] engine_0: 35 : ... 1 2 1 2 1 2 1 2 1 2 1 2 2 2 3 1 6 6 8 7 4 3 -113 ~123     45    45      0.08 sec  T/O =  0  PRV =  0
SBY 23:44:33 [fifo_pdr] engine_0: 35 : ... 2 1 2 1 2 1 2 1 2 1 2 2 2 3 1 8 7 12 12 5 3 -102 ~123     47    49      0.09 sec  T/O =  0  PRV =  0
SBY 23:44:33 [fifo_pdr] engine_0: 35 : ... 2 1 2 1 2 1 2 1 2 1 2 2 2 3 1 9 7 12 12 5 3 -87 ~123     51    52      0.10 sec  T/O =  0  PRV =  0
SBY 23:44:33 [fifo_pdr] engine_0: 35 : ... 1 2 1 2 1 2 1 2 1 2 2 2 3 1 10 7 13 16 15 8 -76 ~123     49    60      0.12 sec  T/O =  0  PRV =  0
SBY 23:44:33 [fifo_pdr] engine_0: 35 : ... 2 1 2 1 2 1 2 1 2 2 2 4 1 12 8 14 16 17 16 -55 ~123      50    64      0.14 sec  T/O =  0  PRV =  0
SBY 23:44:33 [fifo_pdr] engine_0: 35 : ... 2 1 2 1 2 1 2 1 2 4 2 5 1 14 9 14 16 17 16 -31 ~123      59    67      0.15 sec  T/O =  0  PRV =  0
SBY 23:44:33 [fifo_pdr] engine_0: 35 : ... 2 1 2 1 2 1 2 1 2 4 2 5 1 14 9 14 18 43 27 -7 ~123      48    67      0.18 sec  T/O =  0  PRV =  0
SBY 23:44:33 [fifo_pdr] engine_0: 35 : ... 2 1 2 1 2 1 2 1 2 1 2 1 2 4 2 5 1 14 9 14 18 47 39 34 ~123      48    67      0.20 sec  T/O =  0  PRV =  0
SBY 23:44:33 [fifo_pdr] engine_0: 36 : ... 1 2 1 2 1 2 1 2 1 2 2 2 2 1 3 2 1 3 3 8 20 -127 ~281      25    68      0.24 sec  T/O =  0  PRV =  0
SBY 23:44:33 [fifo_pdr] engine_0: 36 : ... 1 2 1 2 1 2 1 2 1 2 2 2 2 1 3 2 3 3 3 8 20 -115 ~281      37    69      0.26 sec  T/O =  0  PRV =  0
SBY 23:44:33 [fifo_pdr] engine_0: 36 : ... 2 1 2 1 2 1 2 1 2 2 2 4 8 12 2 11 5 7 8 20 -103 ~281      25    74      0.27 sec  T/O =  0  PRV =  0
SBY 23:44:33 [fifo_pdr] engine_0: Timing out on output 0 in frame 36 (retrying in next anytime pass).
SBY 23:44:33 [fifo_pdr] engine_0: 36 : ... 2 1 2 1 2 1 2 1 2 2 2 4 8 12 2 11 5 7 8 20 -103 ~281       0    74      0.27 sec  T/O =  1  PRV =  0
SBY 23:44:33 [fifo_pdr] engine_0: 37 : ... 1 2 1 2 1 2 1 2 2 2 3 8 10 4 2 4 5 5 10 18 -219 ~271       0    74      0.28 sec  T/O =  1  PRV =  0
SBY 23:44:33 [fifo_pdr] engine_0: All outputs solved or timed out in frame 37.
SBY 23:44:33 [fifo_pdr] engine_0: Starting new anytime pass, reusing clauses.
SBY 23:44:33 [fifo_pdr] engine_0: Frame Clauses                                                     Max Queue Flops Time
SBY 23:44:33 [fifo_pdr] engine_0: 1 : 0 -80 ~223                                                    0     0      0.02 sec  T/O =  0  PRV =  0
SBY 23:44:33 [fifo_pdr] engine_0: 2 : 0 15 -95 ~223                                                 0     0      0.02 sec  T/O =  0  PRV =  0
SBY 23:44:34 [fifo_pdr] engine_0: 3 : 0 15 10 -105 ~223                                              0     0      0.02 sec  T/O =  0  PRV =  0
SBY 23:44:34 [fifo_pdr] engine_0: 4 : 0 15 10 8 -113 ~223                                            0     0      0.02 sec  T/O =  0  PRV =  0
SBY 23:44:34 [fifo_pdr] engine_0: 5 : 0 15 10 8 5 -118 ~223                                          0     0      0.02 sec  T/O =  0  PRV =  0
SBY 23:44:34 [fifo_pdr] engine_0: 6 : 0 15 10 8 5 1 -119 ~223                                        0     0      0.02 sec  T/O =  0  PRV =  0
SBY 23:44:34 [fifo_pdr] engine_0: 7 : 0 15 10 8 5 1 2 -121 ~223                                      0     0      0.02 sec  T/O =  0  PRV =  0
SBY 23:44:34 [fifo_pdr] engine_0: 8 : 0 15 10 8 5 1 2 1 -122 ~223                                    0     0      0.02 sec  T/O =  0  PRV =  0
SBY 23:44:34 [fifo_pdr] engine_0: 9 : 0 15 10 8 5 1 2 1 2 -124 ~223                                  0     0      0.03 sec  T/O =  0  PRV =  0
SBY 23:44:34 [fifo_pdr] engine_0: 10 : 0 15 10 8 5 1 2 1 2 1 -125 ~223                                0     0      0.03 sec  T/O =  0  PRV =  0
SBY 23:44:34 [fifo_pdr] engine_0: 11 : 0 15 10 8 5 1 2 1 2 1 2 -127 ~223                              0     0      0.03 sec  T/O =  0  PRV =  0
SBY 23:44:34 [fifo_pdr] engine_0: 12 : 0 15 10 8 5 1 2 1 2 1 2 1 -128 ~223                            0     0      0.03 sec  T/O =  0  PRV =  0
SBY 23:44:34 [fifo_pdr] engine_0: 13 : 0 15 10 8 5 1 2 1 2 1 2 1 2 -130 ~223                          0     0      0.03 sec  T/O =  0  PRV =  0
SBY 23:44:34 [fifo_pdr] engine_0: 14 : 0 15 10 8 5 1 2 1 2 1 2 1 2 1 -131 ~223                        0     0      0.03 sec  T/O =  0  PRV =  0
SBY 23:44:34 [fifo_pdr] engine_0: 15 : 0 15 10 8 5 1 2 1 2 1 2 1 2 1 2 -133 ~223                      0     0      0.03 sec  T/O =  0  PRV =  0
SBY 23:44:34 [fifo_pdr] engine_0: 16 : 0 15 10 8 5 1 2 1 2 1 2 1 2 1 2 1 -134 ~223                    0     0      0.03 sec  T/O =  0  PRV =  0
SBY 23:44:34 [fifo_pdr] engine_0: 17 : 0 15 10 8 5 1 2 1 2 1 2 1 2 1 2 1 2 -136 ~223                  0     0      0.04 sec  T/O =  0  PRV =  0
SBY 23:44:34 [fifo_pdr] engine_0: 18 : 0 15 10 8 5 1 2 1 2 1 2 1 2 1 2 1 2 1 -137 ~223                0     0      0.04 sec  T/O =  0  PRV =  0
SBY 23:44:34 [fifo_pdr] engine_0: 19 : 0 15 10 8 5 1 2 1 2 1 2 1 2 1 2 1 2 1 2 -139 ~223              0     0      0.04 sec  T/O =  0  PRV =  0
SBY 23:44:34 [fifo_pdr] engine_0: 20 : 0 15 10 8 5 1 2 1 2 1 2 1 2 1 2 1 2 1 2 1 -140 ~223            0     0      0.04 sec  T/O =  0  PRV =  0
SBY 23:44:34 [fifo_pdr] engine_0: 21 : 0 15 10 8 5 1 2 1 2 1 2 1 2 1 2 1 2 1 2 1 2 -142 ~223          0     0      0.04 sec  T/O =  0  PRV =  0
SBY 23:44:34 [fifo_pdr] engine_0: 22 : ... 15 10 8 5 1 2 1 2 1 2 1 2 1 2 1 2 1 2 1 2 1 -143 ~223      0     0      0.04 sec  T/O =  0  PRV =  0
SBY 23:44:34 [fifo_pdr] engine_0: 23 : ... 10 8 5 1 2 1 2 1 2 1 2 1 2 1 2 1 2 1 2 1 2 -145 ~223       0     0      0.05 sec  T/O =  0  PRV =  0
SBY 23:44:34 [fifo_pdr] engine_0: 24 : ... 8 5 1 2 1 2 1 2 1 2 1 2 1 2 1 2 1 2 1 2 1 -146 ~223        0     0      0.05 sec  T/O =  0  PRV =  0
SBY 23:44:34 [fifo_pdr] engine_0: 25 : ... 8 5 1 2 1 2 1 2 1 2 1 2 1 2 1 2 1 2 1 2 1 2 -148 ~223      0     0      0.05 sec  T/O =  0  PRV =  0
SBY 23:44:34 [fifo_pdr] engine_0: 26 : ... 5 1 2 1 2 1 2 1 2 1 2 1 2 1 2 1 2 1 2 1 2 2 -150 ~223      0     0      0.05 sec  T/O =  0  PRV =  0
SBY 23:44:34 [fifo_pdr] engine_0: 27 : ... 1 2 1 2 1 2 1 2 1 2 1 2 1 2 1 2 1 2 1 2 2 2 -152 ~223      0     0      0.05 sec  T/O =  0  PRV =  0
SBY 23:44:34 [fifo_pdr] engine_0: 28 : ... 2 1 2 1 2 1 2 1 2 1 2 1 2 1 2 1 2 1 2 2 2 3 -155 ~223      0     0      0.05 sec  T/O =  0  PRV =  0
SBY 23:44:34 [fifo_pdr] engine_0: 29 : ... 1 2 1 2 1 2 1 2 1 2 1 2 1 2 1 2 1 2 2 2 3 8 -163 ~223      0     0      0.06 sec  T/O =  0  PRV =  0
SBY 23:44:34 [fifo_pdr] engine_0: 30 : ... 1 2 1 2 1 2 1 2 1 2 1 2 1 2 1 2 2 2 3 8 10 -173 ~223       0     0      0.06 sec  T/O =  0  PRV =  0
SBY 23:44:34 [fifo_pdr] engine_0: 31 : ... 2 1 2 1 2 1 2 1 2 1 2 1 2 1 2 2 2 3 8 10 4 -177 ~223       0     0      0.06 sec  T/O =  0  PRV =  0
SBY 23:44:34 [fifo_pdr] engine_0: 32 : ... 1 2 1 2 1 2 1 2 1 2 1 2 1 2 2 2 3 8 10 4 2 -179 ~223       0     0      0.06 sec  T/O =  0  PRV =  0
SBY 23:44:34 [fifo_pdr] engine_0: 33 : ... 2 1 2 1 2 1 2 1 2 1 2 1 2 2 2 3 8 10 4 2 4 -183 ~223       0     0      0.06 sec  T/O =  0  PRV =  0
SBY 23:44:34 [fifo_pdr] engine_0: 34 : ... 1 2 1 2 1 2 1 2 1 2 1 2 2 2 3 8 10 4 2 4 5 -188 ~223       0     0      0.07 sec  T/O =  0  PRV =  0
SBY 23:44:34 [fifo_pdr] engine_0: 35 : ... 2 1 2 1 2 1 2 1 2 1 2 2 2 3 8 10 4 2 4 5 5 -193 ~223       0     0      0.07 sec  T/O =  0  PRV =  0
SBY 23:44:34 [fifo_pdr] engine_0: 36 : ... 1 2 1 2 1 2 1 2 1 2 2 2 3 8 10 4 2 4 5 5 9 -197 ~223      36    18      0.08 sec  T/O =  0  PRV =  0
SBY 23:44:34 [fifo_pdr] engine_0: 36 : ... 2 2 1 2 1 2 1 2 1 2 2 2 3 8 10 4 2 4 5 5 9 -183 ~223      44    36      0.10 sec  T/O =  0  PRV =  0
SBY 23:44:34 [fifo_pdr] engine_0: 36 : ... 2 2 1 2 1 2 1 2 1 2 2 2 3 8 10 4 2 4 5 5 9 -156 ~223      40    53      0.11 sec  T/O =  0  PRV =  0
SBY 23:44:34 [fifo_pdr] engine_0: 36 : ... 2 2 1 2 1 2 1 2 1 2 2 2 3 8 10 4 6 6 8 9 9 -131 ~223      35    67      0.13 sec  T/O =  0  PRV =  0
SBY 23:44:34 [fifo_pdr] engine_0: 36 : ... 2 1 2 1 2 1 2 1 2 4 5 11 12 27 19 7 6 8 9 9 -124 ~223     39    74      0.16 sec  T/O =  0  PRV =  0
SBY 23:44:34 [fifo_pdr] engine_0: 36 : ... 1 2 1 2 1 2 6 4 14 16 23 24 28 19 7 6 8 9 9 -124 ~223     59    75      0.18 sec  T/O =  0  PRV =  0
SBY 23:44:34 [fifo_pdr] engine_0: 36 : ... 2 1 2 4 6 16 21 35 18 23 24 28 19 7 6 8 9 9 -122 ~223     75    76      0.21 sec  T/O =  0  PRV =  0
SBY 23:44:34 [fifo_pdr] engine_0: 36 : ... 12 24 11 17 21 37 30 26 24 28 19 7 6 8 9 9 -118 ~223      98    76      0.24 sec  T/O =  0  PRV =  0
SBY 23:44:34 [fifo_pdr] engine_0: 36 : ... 16 30 18 19 21 37 30 26 24 28 19 7 6 8 9 9 -101 ~223     107    76      0.26 sec  T/O =  0  PRV =  0
SBY 23:44:34 [fifo_pdr] engine_0: 36 : ... 20 36 19 19 21 37 30 26 24 28 19 7 6 8 9 9 -84 ~223     112    76      0.28 sec  T/O =  0  PRV =  0
SBY 23:44:34 [fifo_pdr] engine_0: 36 : ... 29 57 25 21 21 37 30 26 24 28 19 7 6 8 9 9 -80 ~223     141    76      0.31 sec  T/O =  0  PRV =  0
SBY 23:44:34 [fifo_pdr] engine_0: 36 : ... 29 57 25 21 21 37 30 26 24 28 19 7 6 8 9 9 -77 ~223     168    76      0.34 sec  T/O =  0  PRV =  0
SBY 23:44:34 [fifo_pdr] engine_0: 36 : ... 29 57 25 21 21 37 30 26 24 28 19 7 8 10 9 9 -76 ~223    180    80      0.36 sec  T/O =  0  PRV =  0
SBY 23:44:34 [fifo_pdr] engine_0: 36 : ... 57 25 21 21 37 30 26 24 28 19 7 8 12 10 9 -73 ~223      184    88      0.37 sec  T/O =  0  PRV =  0
SBY 23:44:34 [fifo_pdr] engine_0: 36 : ... 57 25 21 21 37 30 26 24 28 19 7 8 12 10 9 -65 ~223      193   105      0.38 sec  T/O =  0  PRV =  0
SBY 23:44:34 [fifo_pdr] engine_0: 36 : ... 57 25 21 21 37 30 26 24 28 19 7 8 12 10 9 -64 ~223      197   105      0.39 sec  T/O =  0  PRV =  0
SBY 23:44:34 [fifo_pdr] engine_0: Block =   33  Oblig =  4552  Clause =  1718  Call = 33690 (sat=55.0%)  Cex =   0  Start =  64
SBY 23:44:34 [fifo_pdr] engine_0: SAT solving =     0.63 sec ( 64.19 %)
SBY 23:44:34 [fifo_pdr] engine_0: unsat     =     0.10 sec (  9.83 %)
SBY 23:44:34 [fifo_pdr] engine_0: sat       =     0.54 sec ( 54.36 %)
SBY 23:44:34 [fifo_pdr] engine_0: Generalize  =     0.49 sec ( 49.34 %)
SBY 23:44:34 [fifo_pdr] engine_0: Push clause =     0.13 sec ( 13.06 %)
SBY 23:44:34 [fifo_pdr] engine_0: Ternary sim =     0.05 sec (  5.29 %)
SBY 23:44:34 [fifo_pdr] engine_0: Containment =     0.01 sec (  0.52 %)
SBY 23:44:34 [fifo_pdr] engine_0: CNF compute =     0.02 sec (  1.92 %)
SBY 23:44:34 [fifo_pdr] engine_0: Refinement  =     0.00 sec (  0.02 %)
SBY 23:44:34 [fifo_pdr] engine_0: TOTAL       =     0.99 sec (100.00 %)
SBY 23:44:34 [fifo_pdr] engine_0: Output 0 of miter "model/design_aiger" was asserted in frame 98.  Time =     0.99 sec
SBY 23:44:34 [fifo_pdr] engine_0: finished (returncode=0)
SBY 23:44:34 [fifo_pdr] engine_0: Status returned by engine: FAIL
SBY 23:44:34 [fifo_pdr] smt2: starting process "cd fifo_pdr/model; yosys -ql design_smt2.log design_smt2.ys"
SBY 23:44:34 [fifo_pdr] engine_0: starting process "cd fifo_pdr; yosys-witness aiw2yw engine_0/trace.aiw model/design_aiger.ywa engine_0/trace_aiw.yw"
SBY 23:44:34 [fifo_pdr] smt2: finished (returncode=0)
SBY 23:44:34 [fifo_pdr] engine_0: Converting AIGER witness trace 'engine_0/trace.aiw' to Yosys witness trace 'engine_0/trace_aiw.yw'...
SBY 23:44:34 [fifo_pdr] engine_0: Using Yosys witness AIGER map file 'model/design_aiger.ywa'
SBY 23:44:34 [fifo_pdr] engine_0: Converted 99 time steps.
SBY 23:44:34 [fifo_pdr] engine_0: finished (returncode=0)
SBY 23:44:34 [fifo_pdr] engine_0: starting process "cd fifo_pdr; yosys-smtbmc -s yices --noprogress --append 0 --dump-vcd engine_0/trace.vcd --dump-yw engine_0/trace.yw --dump-vlogtb engine_0/trace_tb.v --dump-smtc engine_0/trace.smtc --yw engine_0/trace_aiw.yw model/design_smt2.smt2"
SBY 23:44:34 [fifo_pdr] engine_0: ##   0:00:00  Solver: yices
SBY 23:44:34 [fifo_pdr] engine_0: ##   0:00:00  Skipping step 0..
SBY 23:44:34 [fifo_pdr] engine_0: ##   0:00:00  Skipping step 1..
SBY 23:44:34 [fifo_pdr] engine_0: ##   0:00:00  Skipping step 2..
SBY 23:44:34 [fifo_pdr] engine_0: ##   0:00:00  Skipping step 3..
SBY 23:44:34 [fifo_pdr] engine_0: ##   0:00:00  Skipping step 4..
SBY 23:44:34 [fifo_pdr] engine_0: ##   0:00:00  Skipping step 5..
SBY 23:44:34 [fifo_pdr] engine_0: ##   0:00:00  Skipping step 6..
SBY 23:44:34 [fifo_pdr] engine_0: ##   0:00:00  Skipping step 7..
SBY 23:44:34 [fifo_pdr] engine_0: ##   0:00:00  Skipping step 8..
SBY 23:44:34 [fifo_pdr] engine_0: ##   0:00:00  Skipping step 9..
SBY 23:44:34 [fifo_pdr] engine_0: ##   0:00:00  Skipping step 10..
SBY 23:44:34 [fifo_pdr] engine_0: ##   0:00:00  Skipping step 11..
SBY 23:44:34 [fifo_pdr] engine_0: ##   0:00:00  Skipping step 12..
SBY 23:44:34 [fifo_pdr] engine_0: ##   0:00:00  Skipping step 13..
SBY 23:44:34 [fifo_pdr] engine_0: ##   0:00:00  Skipping step 14..
SBY 23:44:34 [fifo_pdr] engine_0: ##   0:00:00  Skipping step 15..
SBY 23:44:34 [fifo_pdr] engine_0: ##   0:00:00  Skipping step 16..
SBY 23:44:34 [fifo_pdr] engine_0: ##   0:00:00  Skipping step 17..
SBY 23:44:34 [fifo_pdr] engine_0: ##   0:00:00  Skipping step 18..
SBY 23:44:34 [fifo_pdr] engine_0: ##   0:00:00  Skipping step 19..
SBY 23:44:34 [fifo_pdr] engine_0: ##   0:00:00  Skipping step 20..
SBY 23:44:34 [fifo_pdr] engine_0: ##   0:00:00  Skipping step 21..
SBY 23:44:34 [fifo_pdr] engine_0: ##   0:00:00  Skipping step 22..
SBY 23:44:34 [fifo_pdr] engine_0: ##   0:00:00  Skipping step 23..
SBY 23:44:34 [fifo_pdr] engine_0: ##   0:00:00  Skipping step 24..
SBY 23:44:34 [fifo_pdr] engine_0: ##   0:00:00  Skipping step 25..
SBY 23:44:34 [fifo_pdr] engine_0: ##   0:00:00  Skipping step 26..
SBY 23:44:34 [fifo_pdr] engine_0: ##   0:00:00  Skipping step 27..
SBY 23:44:34 [fifo_pdr] engine_0: ##   0:00:00  Skipping step 28..
SBY 23:44:34 [fifo_pdr] engine_0: ##   0:00:00  Skipping step 29..
SBY 23:44:34 [fifo_pdr] engine_0: ##   0:00:00  Skipping step 30..
SBY 23:44:34 [fifo_pdr] engine_0: ##   0:00:00  Skipping step 31..
SBY 23:44:34 [fifo_pdr] engine_0: ##   0:00:00  Skipping step 32..
SBY 23:44:34 [fifo_pdr] engine_0: ##   0:00:00  Skipping step 33..
SBY 23:44:34 [fifo_pdr] engine_0: ##   0:00:00  Skipping step 34..
SBY 23:44:34 [fifo_pdr] engine_0: ##   0:00:00  Skipping step 35..
SBY 23:44:34 [fifo_pdr] engine_0: ##   0:00:00  Skipping step 36..
SBY 23:44:34 [fifo_pdr] engine_0: ##   0:00:00  Skipping step 37..
SBY 23:44:34 [fifo_pdr] engine_0: ##   0:00:00  Skipping step 38..
SBY 23:44:34 [fifo_pdr] engine_0: ##   0:00:00  Skipping step 39..
SBY 23:44:34 [fifo_pdr] engine_0: ##   0:00:00  Skipping step 40..
SBY 23:44:34 [fifo_pdr] engine_0: ##   0:00:00  Skipping step 41..
SBY 23:44:34 [fifo_pdr] engine_0: ##   0:00:00  Skipping step 42..
SBY 23:44:34 [fifo_pdr] engine_0: ##   0:00:00  Skipping step 43..
SBY 23:44:34 [fifo_pdr] engine_0: ##   0:00:00  Skipping step 44..
SBY 23:44:34 [fifo_pdr] engine_0: ##   0:00:00  Skipping step 45..
SBY 23:44:34 [fifo_pdr] engine_0: ##   0:00:00  Skipping step 46..
SBY 23:44:34 [fifo_pdr] engine_0: ##   0:00:00  Skipping step 47..
SBY 23:44:34 [fifo_pdr] engine_0: ##   0:00:00  Skipping step 48..
SBY 23:44:34 [fifo_pdr] engine_0: ##   0:00:00  Skipping step 49..
SBY 23:44:34 [fifo_pdr] engine_0: ##   0:00:00  Skipping step 50..
SBY 23:44:34 [fifo_pdr] engine_0: ##   0:00:00  Skipping step 51..
SBY 23:44:34 [fifo_pdr] engine_0: ##   0:00:00  Skipping step 52..
SBY 23:44:34 [fifo_pdr] engine_0: ##   0:00:00  Skipping step 53..
SBY 23:44:34 [fifo_pdr] engine_0: ##   0:00:00  Skipping step 54..
SBY 23:44:34 [fifo_pdr] engine_0: ##   0:00:00  Skipping step 55..
SBY 23:44:34 [fifo_pdr] engine_0: ##   0:00:00  Skipping step 56..
SBY 23:44:34 [fifo_pdr] engine_0: ##   0:00:00  Skipping step 57..
SBY 23:44:34 [fifo_pdr] engine_0: ##   0:00:00  Skipping step 58..
SBY 23:44:34 [fifo_pdr] engine_0: ##   0:00:00  Skipping step 59..
SBY 23:44:34 [fifo_pdr] engine_0: ##   0:00:00  Skipping step 60..
SBY 23:44:34 [fifo_pdr] engine_0: ##   0:00:00  Skipping step 61..
SBY 23:44:34 [fifo_pdr] engine_0: ##   0:00:00  Skipping step 62..
SBY 23:44:34 [fifo_pdr] engine_0: ##   0:00:00  Skipping step 63..
SBY 23:44:34 [fifo_pdr] engine_0: ##   0:00:00  Skipping step 64..
SBY 23:44:34 [fifo_pdr] engine_0: ##   0:00:00  Skipping step 65..
SBY 23:44:34 [fifo_pdr] engine_0: ##   0:00:00  Skipping step 66..
SBY 23:44:34 [fifo_pdr] engine_0: ##   0:00:00  Skipping step 67..
SBY 23:44:34 [fifo_pdr] engine_0: ##   0:00:00  Skipping step 68..
SBY 23:44:34 [fifo_pdr] engine_0: ##   0:00:00  Skipping step 69..
SBY 23:44:34 [fifo_pdr] engine_0: ##   0:00:00  Skipping step 70..
SBY 23:44:34 [fifo_pdr] engine_0: ##   0:00:00  Skipping step 71..
SBY 23:44:34 [fifo_pdr] engine_0: ##   0:00:00  Skipping step 72..
SBY 23:44:34 [fifo_pdr] engine_0: ##   0:00:00  Skipping step 73..
SBY 23:44:34 [fifo_pdr] engine_0: ##   0:00:00  Skipping step 74..
SBY 23:44:34 [fifo_pdr] engine_0: ##   0:00:00  Skipping step 75..
SBY 23:44:34 [fifo_pdr] engine_0: ##   0:00:00  Skipping step 76..
SBY 23:44:34 [fifo_pdr] engine_0: ##   0:00:00  Skipping step 77..
SBY 23:44:34 [fifo_pdr] engine_0: ##   0:00:00  Skipping step 78..
SBY 23:44:34 [fifo_pdr] engine_0: ##   0:00:00  Skipping step 79..
SBY 23:44:34 [fifo_pdr] engine_0: ##   0:00:00  Skipping step 80..
SBY 23:44:34 [fifo_pdr] engine_0: ##   0:00:00  Skipping step 81..
SBY 23:44:34 [fifo_pdr] engine_0: ##   0:00:00  Skipping step 82..
SBY 23:44:34 [fifo_pdr] engine_0: ##   0:00:00  Skipping step 83..
SBY 23:44:34 [fifo_pdr] engine_0: ##   0:00:00  Skipping step 84..
SBY 23:44:34 [fifo_pdr] engine_0: ##   0:00:00  Skipping step 85..
SBY 23:44:34 [fifo_pdr] engine_0: ##   0:00:00  Skipping step 86..
SBY 23:44:34 [fifo_pdr] engine_0: ##   0:00:00  Skipping step 87..
SBY 23:44:34 [fifo_pdr] engine_0: ##   0:00:00  Skipping step 88..
SBY 23:44:34 [fifo_pdr] engine_0: ##   0:00:00  Skipping step 89..
SBY 23:44:34 [fifo_pdr] engine_0: ##   0:00:00  Skipping step 90..
SBY 23:44:34 [fifo_pdr] engine_0: ##   0:00:00  Skipping step 91..
SBY 23:44:34 [fifo_pdr] engine_0: ##   0:00:00  Skipping step 92..
SBY 23:44:34 [fifo_pdr] engine_0: ##   0:00:00  Skipping step 93..
SBY 23:44:34 [fifo_pdr] engine_0: ##   0:00:00  Skipping step 94..
SBY 23:44:34 [fifo_pdr] engine_0: ##   0:00:00  Skipping step 95..
SBY 23:44:34 [fifo_pdr] engine_0: ##   0:00:00  Skipping step 96..
SBY 23:44:34 [fifo_pdr] engine_0: ##   0:00:00  Skipping step 97..
SBY 23:44:34 [fifo_pdr] engine_0: ##   0:00:00  Checking assertions in step 98..
SBY 23:44:34 [fifo_pdr] engine_0: ##   0:00:00  BMC failed!
SBY 23:44:34 [fifo_pdr] engine_0: ##   0:00:00  Assert failed in fifo_formal_top.props: fifo_bind.sv:117.43-117.70 (_witness_.check_assert_fifo_bind_sv_117_40)
SBY 23:44:34 [fifo_pdr] engine_0: ##   0:00:00  Writing trace to VCD file: engine_0/trace.vcd
SBY 23:44:35 [fifo_pdr] engine_0: ##   0:00:00  Writing trace to Verilog testbench: engine_0/trace_tb.v
SBY 23:44:35 [fifo_pdr] engine_0: ##   0:00:00  Writing trace to constraints file: engine_0/trace.smtc
SBY 23:44:35 [fifo_pdr] engine_0: ##   0:00:00  Writing trace to Yosys witness file: engine_0/trace.yw
SBY 23:44:35 [fifo_pdr] engine_0: ##   0:00:00  Status: FAILED
SBY 23:44:35 [fifo_pdr] engine_0: finished (returncode=1)
SBY 23:44:35 [fifo_pdr] summary: Elapsed clock time [H:MM:SS (secs)]: 0:00:01 (1)
SBY 23:44:35 [fifo_pdr] summary: Elapsed process time [H:MM:SS (secs)]: 0:00:01 (1)
SBY 23:44:35 [fifo_pdr] summary: engine_0 (abc pdr) returned FAIL
SBY 23:44:35 [fifo_pdr] summary: counterexample trace: fifo_pdr/engine_0/trace.vcd
SBY 23:44:35 [fifo_pdr] summary:   failed assertion fifo_formal_top.props._witness_.check_assert_fifo_bind_sv_117_40 at fifo_bind.sv:117.43-117.70 step 98
SBY 23:44:35 [fifo_pdr] DONE (FAIL, rc=2)
