riscv-formal, cores/rv32i, full run 2026-09-14 23:25:42
PASS causal_ch0
PASS cover
PASS insn_add_ch0
PASS insn_addi_ch0
PASS insn_and_ch0
PASS insn_andi_ch0
PASS insn_auipc_ch0
PASS insn_beq_ch0
PASS insn_bge_ch0
PASS insn_bgeu_ch0
PASS insn_blt_ch0
PASS insn_bltu_ch0
PASS insn_bne_ch0
PASS insn_jal_ch0
PASS insn_jalr_ch0
PASS insn_lb_ch0
PASS insn_lbu_ch0
PASS insn_lh_ch0
PASS insn_lhu_ch0
PASS insn_lui_ch0
PASS insn_lw_ch0
PASS insn_or_ch0
PASS insn_ori_ch0
PASS insn_sb_ch0
PASS insn_sh_ch0
PASS insn_sll_ch0
PASS insn_slli_ch0
PASS insn_slt_ch0
PASS insn_slti_ch0
PASS insn_sltiu_ch0
PASS insn_sltu_ch0
PASS insn_sra_ch0
PASS insn_srai_ch0
PASS insn_srl_ch0
PASS insn_srli_ch0
PASS insn_sub_ch0
PASS insn_sw_ch0
PASS insn_xor_ch0
PASS insn_xori_ch0
PASS pc_bwd_ch0
PASS pc_fwd_ch0
PASS reg_ch0
PASS unique_ch0
sby: 43  PASS: 43
